--------------------------------------------------------------------------------
Release 14.7 Trace  (nt)
Copyright (c) 1995-2013 Xilinx, Inc.  All rights reserved.

C:\Xilinx\14.7\ISE_DS\ISE\bin\nt\unwrapped\trce.exe -intstyle ise -v 3 -s 3 -n
3 -fastpaths -xml alu.twx alu.ncd -o alu.twr alu.pcf

Design file:              alu.ncd
Physical constraint file: alu.pcf
Device,package,speed:     xc6slx45,csg324,C,-3 (PRODUCTION 1.23 2013-10-13)
Report level:             verbose report

Environment Variable      Effect 
--------------------      ------ 
NONE                      No environment variables were set
--------------------------------------------------------------------------------

INFO:Timing:2698 - No timing constraints found, doing default enumeration.
INFO:Timing:3412 - To improve timing, see the Timing Closure User Guide (UG612).
INFO:Timing:2752 - To get complete path coverage, use the unconstrained paths 
   option. All paths that are not constrained will be reported in the 
   unconstrained paths section(s) of the report.
INFO:Timing:3339 - The clock-to-out numbers in this timing report are based on 
   a 50 Ohm transmission line loading model.  For the details of this model, 
   and for more information on accounting for different loading conditions, 
   please see the device datasheet.



Data Sheet report:
-----------------
All values displayed in nanoseconds (ns)

Pad to Pad
---------------+---------------+---------+
Source Pad     |Destination Pad|  Delay  |
---------------+---------------+---------+
X<0>           |Z<0>           |   23.144|
X<0>           |Z<1>           |   12.319|
X<0>           |Z<2>           |   13.010|
X<0>           |Z<3>           |   13.754|
X<0>           |Z<4>           |   14.577|
X<0>           |Z<5>           |   15.181|
X<0>           |Z<6>           |   14.970|
X<0>           |Z<7>           |   15.749|
X<0>           |Z<8>           |   15.790|
X<0>           |Z<9>           |   16.957|
X<0>           |Z<10>          |   17.017|
X<0>           |Z<11>          |   18.105|
X<0>           |Z<12>          |   18.389|
X<0>           |Z<13>          |   18.127|
X<0>           |Z<14>          |   18.668|
X<0>           |Z<15>          |   19.612|
X<0>           |Z<16>          |   19.074|
X<0>           |Z<17>          |   20.892|
X<0>           |Z<18>          |   21.153|
X<0>           |Z<19>          |   21.272|
X<0>           |Z<20>          |   21.363|
X<0>           |Z<21>          |   23.230|
X<0>           |Z<22>          |   21.665|
X<0>           |Z<23>          |   22.919|
X<0>           |Z<24>          |   22.719|
X<0>           |Z<25>          |   24.006|
X<0>           |Z<26>          |   23.753|
X<0>           |Z<27>          |   24.195|
X<0>           |Z<28>          |   24.564|
X<0>           |Z<29>          |   25.870|
X<0>           |Z<30>          |   25.816|
X<0>           |Z<31>          |   26.901|
X<1>           |Z<0>           |   22.871|
X<1>           |Z<1>           |   12.380|
X<1>           |Z<2>           |   12.900|
X<1>           |Z<3>           |   13.360|
X<1>           |Z<4>           |   14.467|
X<1>           |Z<5>           |   15.071|
X<1>           |Z<6>           |   14.860|
X<1>           |Z<7>           |   15.639|
X<1>           |Z<8>           |   15.680|
X<1>           |Z<9>           |   16.847|
X<1>           |Z<10>          |   16.907|
X<1>           |Z<11>          |   17.995|
X<1>           |Z<12>          |   18.279|
X<1>           |Z<13>          |   18.017|
X<1>           |Z<14>          |   18.558|
X<1>           |Z<15>          |   19.502|
X<1>           |Z<16>          |   18.964|
X<1>           |Z<17>          |   20.782|
X<1>           |Z<18>          |   21.043|
X<1>           |Z<19>          |   21.034|
X<1>           |Z<20>          |   21.253|
X<1>           |Z<21>          |   23.120|
X<1>           |Z<22>          |   21.555|
X<1>           |Z<23>          |   22.809|
X<1>           |Z<24>          |   22.609|
X<1>           |Z<25>          |   23.896|
X<1>           |Z<26>          |   23.643|
X<1>           |Z<27>          |   24.085|
X<1>           |Z<28>          |   24.454|
X<1>           |Z<29>          |   25.760|
X<1>           |Z<30>          |   25.706|
X<1>           |Z<31>          |   26.791|
X<2>           |Z<0>           |   23.163|
X<2>           |Z<2>           |   11.888|
X<2>           |Z<3>           |   13.711|
X<2>           |Z<4>           |   13.694|
X<2>           |Z<5>           |   13.739|
X<2>           |Z<6>           |   14.560|
X<2>           |Z<7>           |   15.645|
X<2>           |Z<8>           |   15.348|
X<2>           |Z<9>           |   16.205|
X<2>           |Z<10>          |   16.731|
X<2>           |Z<11>          |   17.465|
X<2>           |Z<12>          |   17.628|
X<2>           |Z<13>          |   17.086|
X<2>           |Z<14>          |   18.211|
X<2>           |Z<15>          |   18.956|
X<2>           |Z<16>          |   18.935|
X<2>           |Z<17>          |   19.914|
X<2>           |Z<18>          |   20.364|
X<2>           |Z<19>          |   21.291|
X<2>           |Z<20>          |   21.303|
X<2>           |Z<21>          |   22.146|
X<2>           |Z<22>          |   21.255|
X<2>           |Z<23>          |   22.257|
X<2>           |Z<24>          |   22.409|
X<2>           |Z<25>          |   22.574|
X<2>           |Z<26>          |   22.671|
X<2>           |Z<27>          |   23.939|
X<2>           |Z<28>          |   23.878|
X<2>           |Z<29>          |   24.387|
X<2>           |Z<30>          |   24.902|
X<2>           |Z<31>          |   25.902|
X<3>           |Z<0>           |   22.043|
X<3>           |Z<3>           |   12.622|
X<3>           |Z<4>           |   12.850|
X<3>           |Z<5>           |   13.454|
X<3>           |Z<6>           |   13.440|
X<3>           |Z<7>           |   14.525|
X<3>           |Z<8>           |   14.228|
X<3>           |Z<9>           |   15.230|
X<3>           |Z<10>          |   15.611|
X<3>           |Z<11>          |   16.378|
X<3>           |Z<12>          |   16.662|
X<3>           |Z<13>          |   16.400|
X<3>           |Z<14>          |   17.091|
X<3>           |Z<15>          |   17.885|
X<3>           |Z<16>          |   17.815|
X<3>           |Z<17>          |   19.165|
X<3>           |Z<18>          |   19.426|
X<3>           |Z<19>          |   20.171|
X<3>           |Z<20>          |   20.183|
X<3>           |Z<21>          |   21.503|
X<3>           |Z<22>          |   20.135|
X<3>           |Z<23>          |   21.192|
X<3>           |Z<24>          |   21.289|
X<3>           |Z<25>          |   22.279|
X<3>           |Z<26>          |   22.026|
X<3>           |Z<27>          |   22.819|
X<3>           |Z<28>          |   22.837|
X<3>           |Z<29>          |   24.143|
X<3>           |Z<30>          |   24.089|
X<3>           |Z<31>          |   25.174|
X<4>           |Z<0>           |   22.139|
X<4>           |Z<4>           |   12.172|
X<4>           |Z<5>           |   13.001|
X<4>           |Z<6>           |   13.536|
X<4>           |Z<7>           |   14.621|
X<4>           |Z<8>           |   14.324|
X<4>           |Z<9>           |   15.181|
X<4>           |Z<10>          |   15.707|
X<4>           |Z<11>          |   16.441|
X<4>           |Z<12>          |   16.604|
X<4>           |Z<13>          |   16.062|
X<4>           |Z<14>          |   17.187|
X<4>           |Z<15>          |   17.932|
X<4>           |Z<16>          |   17.911|
X<4>           |Z<17>          |   18.890|
X<4>           |Z<18>          |   19.340|
X<4>           |Z<19>          |   20.267|
X<4>           |Z<20>          |   20.279|
X<4>           |Z<21>          |   21.122|
X<4>           |Z<22>          |   20.231|
X<4>           |Z<23>          |   21.233|
X<4>           |Z<24>          |   21.385|
X<4>           |Z<25>          |   21.826|
X<4>           |Z<26>          |   21.647|
X<4>           |Z<27>          |   22.915|
X<4>           |Z<28>          |   22.854|
X<4>           |Z<29>          |   23.690|
X<4>           |Z<30>          |   23.878|
X<4>           |Z<31>          |   24.878|
X<5>           |Z<0>           |   21.059|
X<5>           |Z<5>           |   12.253|
X<5>           |Z<6>           |   12.742|
X<5>           |Z<7>           |   13.541|
X<5>           |Z<8>           |   13.562|
X<5>           |Z<9>           |   14.729|
X<5>           |Z<10>          |   14.789|
X<5>           |Z<11>          |   15.877|
X<5>           |Z<12>          |   16.161|
X<5>           |Z<13>          |   15.899|
X<5>           |Z<14>          |   16.440|
X<5>           |Z<15>          |   17.384|
X<5>           |Z<16>          |   16.846|
X<5>           |Z<17>          |   18.664|
X<5>           |Z<18>          |   18.925|
X<5>           |Z<19>          |   19.187|
X<5>           |Z<20>          |   19.199|
X<5>           |Z<21>          |   21.002|
X<5>           |Z<22>          |   19.437|
X<5>           |Z<23>          |   20.691|
X<5>           |Z<24>          |   20.491|
X<5>           |Z<25>          |   21.778|
X<5>           |Z<26>          |   21.525|
X<5>           |Z<27>          |   21.967|
X<5>           |Z<28>          |   22.336|
X<5>           |Z<29>          |   23.642|
X<5>           |Z<30>          |   23.588|
X<5>           |Z<31>          |   24.673|
X<6>           |Z<0>           |   20.886|
X<6>           |Z<6>           |   11.824|
X<6>           |Z<7>           |   13.368|
X<6>           |Z<8>           |   13.071|
X<6>           |Z<9>           |   14.117|
X<6>           |Z<10>          |   14.454|
X<6>           |Z<11>          |   15.265|
X<6>           |Z<12>          |   15.549|
X<6>           |Z<13>          |   15.287|
X<6>           |Z<14>          |   15.934|
X<6>           |Z<15>          |   16.772|
X<6>           |Z<16>          |   16.658|
X<6>           |Z<17>          |   18.052|
X<6>           |Z<18>          |   18.313|
X<6>           |Z<19>          |   19.014|
X<6>           |Z<20>          |   19.026|
X<6>           |Z<21>          |   20.390|
X<6>           |Z<22>          |   18.978|
X<6>           |Z<23>          |   20.079|
X<6>           |Z<24>          |   20.132|
X<6>           |Z<25>          |   21.166|
X<6>           |Z<26>          |   20.913|
X<6>           |Z<27>          |   21.662|
X<6>           |Z<28>          |   21.724|
X<6>           |Z<29>          |   23.030|
X<6>           |Z<30>          |   22.976|
X<6>           |Z<31>          |   24.061|
X<7>           |Z<0>           |   20.121|
X<7>           |Z<7>           |   12.629|
X<7>           |Z<8>           |   12.692|
X<7>           |Z<9>           |   13.859|
X<7>           |Z<10>          |   13.919|
X<7>           |Z<11>          |   15.007|
X<7>           |Z<12>          |   15.291|
X<7>           |Z<13>          |   15.029|
X<7>           |Z<14>          |   15.570|
X<7>           |Z<15>          |   16.514|
X<7>           |Z<16>          |   15.976|
X<7>           |Z<17>          |   17.794|
X<7>           |Z<18>          |   18.055|
X<7>           |Z<19>          |   18.249|
X<7>           |Z<20>          |   18.265|
X<7>           |Z<21>          |   20.132|
X<7>           |Z<22>          |   18.567|
X<7>           |Z<23>          |   19.821|
X<7>           |Z<24>          |   19.621|
X<7>           |Z<25>          |   20.908|
X<7>           |Z<26>          |   20.655|
X<7>           |Z<27>          |   21.097|
X<7>           |Z<28>          |   21.466|
X<7>           |Z<29>          |   22.772|
X<7>           |Z<30>          |   22.718|
X<7>           |Z<31>          |   23.803|
X<8>           |Z<0>           |   19.587|
X<8>           |Z<8>           |   11.679|
X<8>           |Z<9>           |   12.935|
X<8>           |Z<10>          |   13.155|
X<8>           |Z<11>          |   14.083|
X<8>           |Z<12>          |   14.367|
X<8>           |Z<13>          |   14.105|
X<8>           |Z<14>          |   14.646|
X<8>           |Z<15>          |   15.590|
X<8>           |Z<16>          |   15.359|
X<8>           |Z<17>          |   16.870|
X<8>           |Z<18>          |   17.131|
X<8>           |Z<19>          |   17.715|
X<8>           |Z<20>          |   17.727|
X<8>           |Z<21>          |   19.208|
X<8>           |Z<22>          |   17.679|
X<8>           |Z<23>          |   18.897|
X<8>           |Z<24>          |   18.833|
X<8>           |Z<25>          |   19.984|
X<8>           |Z<26>          |   19.731|
X<8>           |Z<27>          |   20.363|
X<8>           |Z<28>          |   20.542|
X<8>           |Z<29>          |   21.848|
X<8>           |Z<30>          |   21.794|
X<8>           |Z<31>          |   22.879|
X<9>           |Z<0>           |   19.270|
X<9>           |Z<9>           |   11.910|
X<9>           |Z<10>          |   13.034|
X<9>           |Z<11>          |   14.122|
X<9>           |Z<12>          |   14.406|
X<9>           |Z<13>          |   14.144|
X<9>           |Z<14>          |   14.685|
X<9>           |Z<15>          |   15.629|
X<9>           |Z<16>          |   15.091|
X<9>           |Z<17>          |   16.909|
X<9>           |Z<18>          |   17.170|
X<9>           |Z<19>          |   17.398|
X<9>           |Z<20>          |   17.410|
X<9>           |Z<21>          |   19.247|
X<9>           |Z<22>          |   17.682|
X<9>           |Z<23>          |   18.936|
X<9>           |Z<24>          |   18.736|
X<9>           |Z<25>          |   20.023|
X<9>           |Z<26>          |   19.770|
X<9>           |Z<27>          |   20.212|
X<9>           |Z<28>          |   20.581|
X<9>           |Z<29>          |   21.887|
X<9>           |Z<30>          |   21.833|
X<9>           |Z<31>          |   22.918|
X<10>          |Z<0>           |   19.023|
X<10>          |Z<10>          |   12.008|
X<10>          |Z<11>          |   13.325|
X<10>          |Z<12>          |   13.488|
X<10>          |Z<13>          |   13.223|
X<10>          |Z<14>          |   14.071|
X<10>          |Z<15>          |   14.816|
X<10>          |Z<16>          |   14.795|
X<10>          |Z<17>          |   15.988|
X<10>          |Z<18>          |   16.249|
X<10>          |Z<19>          |   17.151|
X<10>          |Z<20>          |   17.163|
X<10>          |Z<21>          |   18.326|
X<10>          |Z<22>          |   17.115|
X<10>          |Z<23>          |   18.117|
X<10>          |Z<24>          |   18.269|
X<10>          |Z<25>          |   19.102|
X<10>          |Z<26>          |   18.849|
X<10>          |Z<27>          |   19.799|
X<10>          |Z<28>          |   19.738|
X<10>          |Z<29>          |   20.966|
X<10>          |Z<30>          |   20.912|
X<10>          |Z<31>          |   21.997|
X<11>          |Z<0>           |   18.198|
X<11>          |Z<11>          |   12.434|
X<11>          |Z<12>          |   13.401|
X<11>          |Z<13>          |   13.139|
X<11>          |Z<14>          |   13.680|
X<11>          |Z<15>          |   14.624|
X<11>          |Z<16>          |   14.086|
X<11>          |Z<17>          |   15.904|
X<11>          |Z<18>          |   16.165|
X<11>          |Z<19>          |   16.326|
X<11>          |Z<20>          |   16.375|
X<11>          |Z<21>          |   18.242|
X<11>          |Z<22>          |   16.677|
X<11>          |Z<23>          |   17.931|
X<11>          |Z<24>          |   17.731|
X<11>          |Z<25>          |   19.018|
X<11>          |Z<26>          |   18.765|
X<11>          |Z<27>          |   19.207|
X<11>          |Z<28>          |   19.576|
X<11>          |Z<29>          |   20.882|
X<11>          |Z<30>          |   20.828|
X<11>          |Z<31>          |   21.913|
X<12>          |Z<0>           |   18.425|
X<12>          |Z<12>          |   12.628|
X<12>          |Z<13>          |   12.683|
X<12>          |Z<14>          |   13.473|
X<12>          |Z<15>          |   14.218|
X<12>          |Z<16>          |   14.197|
X<12>          |Z<17>          |   15.448|
X<12>          |Z<18>          |   15.709|
X<12>          |Z<19>          |   16.553|
X<12>          |Z<20>          |   16.565|
X<12>          |Z<21>          |   17.786|
X<12>          |Z<22>          |   16.517|
X<12>          |Z<23>          |   17.519|
X<12>          |Z<24>          |   17.671|
X<12>          |Z<25>          |   18.562|
X<12>          |Z<26>          |   18.309|
X<12>          |Z<27>          |   19.201|
X<12>          |Z<28>          |   19.140|
X<12>          |Z<29>          |   20.426|
X<12>          |Z<30>          |   20.372|
X<12>          |Z<31>          |   21.457|
X<13>          |Z<0>           |   17.849|
X<13>          |Z<13>          |   11.488|
X<13>          |Z<14>          |   12.920|
X<13>          |Z<15>          |   13.864|
X<13>          |Z<16>          |   13.621|
X<13>          |Z<17>          |   15.144|
X<13>          |Z<18>          |   15.405|
X<13>          |Z<19>          |   15.977|
X<13>          |Z<20>          |   15.989|
X<13>          |Z<21>          |   17.482|
X<13>          |Z<22>          |   15.941|
X<13>          |Z<23>          |   17.171|
X<13>          |Z<24>          |   17.095|
X<13>          |Z<25>          |   18.258|
X<13>          |Z<26>          |   18.005|
X<13>          |Z<27>          |   18.625|
X<13>          |Z<28>          |   18.816|
X<13>          |Z<29>          |   20.122|
X<13>          |Z<30>          |   20.068|
X<13>          |Z<31>          |   21.153|
X<14>          |Z<0>           |   17.825|
X<14>          |Z<14>          |   12.615|
X<14>          |Z<15>          |   13.892|
X<14>          |Z<16>          |   13.597|
X<14>          |Z<17>          |   15.172|
X<14>          |Z<18>          |   15.433|
X<14>          |Z<19>          |   15.953|
X<14>          |Z<20>          |   15.965|
X<14>          |Z<21>          |   17.510|
X<14>          |Z<22>          |   15.945|
X<14>          |Z<23>          |   17.199|
X<14>          |Z<24>          |   17.071|
X<14>          |Z<25>          |   18.286|
X<14>          |Z<26>          |   18.033|
X<14>          |Z<27>          |   18.601|
X<14>          |Z<28>          |   18.844|
X<14>          |Z<29>          |   20.150|
X<14>          |Z<30>          |   20.096|
X<14>          |Z<31>          |   21.181|
X<15>          |Z<0>           |   16.700|
X<15>          |Z<15>          |   12.807|
X<15>          |Z<16>          |   12.929|
X<15>          |Z<17>          |   14.747|
X<15>          |Z<18>          |   15.008|
X<15>          |Z<19>          |   14.999|
X<15>          |Z<20>          |   15.218|
X<15>          |Z<21>          |   17.085|
X<15>          |Z<22>          |   15.520|
X<15>          |Z<23>          |   16.774|
X<15>          |Z<24>          |   16.574|
X<15>          |Z<25>          |   17.861|
X<15>          |Z<26>          |   17.608|
X<15>          |Z<27>          |   18.050|
X<15>          |Z<28>          |   18.419|
X<15>          |Z<29>          |   19.725|
X<15>          |Z<30>          |   19.671|
X<15>          |Z<31>          |   20.756|
X<16>          |Z<0>           |   16.804|
X<16>          |Z<16>          |   12.560|
X<16>          |Z<17>          |   13.555|
X<16>          |Z<18>          |   14.005|
X<16>          |Z<19>          |   14.932|
X<16>          |Z<20>          |   14.944|
X<16>          |Z<21>          |   15.787|
X<16>          |Z<22>          |   14.896|
X<16>          |Z<23>          |   15.898|
X<16>          |Z<24>          |   16.050|
X<16>          |Z<25>          |   16.493|
X<16>          |Z<26>          |   16.312|
X<16>          |Z<27>          |   17.580|
X<16>          |Z<28>          |   17.519|
X<16>          |Z<29>          |   18.357|
X<16>          |Z<30>          |   18.543|
X<16>          |Z<31>          |   19.543|
X<17>          |Z<0>           |   16.016|
X<17>          |Z<17>          |   12.916|
X<17>          |Z<18>          |   13.620|
X<17>          |Z<19>          |   14.144|
X<17>          |Z<20>          |   14.156|
X<17>          |Z<21>          |   15.697|
X<17>          |Z<22>          |   14.132|
X<17>          |Z<23>          |   15.386|
X<17>          |Z<24>          |   15.262|
X<17>          |Z<25>          |   16.473|
X<17>          |Z<26>          |   16.220|
X<17>          |Z<27>          |   16.792|
X<17>          |Z<28>          |   17.031|
X<17>          |Z<29>          |   18.337|
X<17>          |Z<30>          |   18.283|
X<17>          |Z<31>          |   19.368|
X<18>          |Z<0>           |   15.709|
X<18>          |Z<18>          |   12.232|
X<18>          |Z<19>          |   13.837|
X<18>          |Z<20>          |   13.849|
X<18>          |Z<21>          |   14.788|
X<18>          |Z<22>          |   13.801|
X<18>          |Z<23>          |   14.803|
X<18>          |Z<24>          |   14.955|
X<18>          |Z<25>          |   15.564|
X<18>          |Z<26>          |   15.311|
X<18>          |Z<27>          |   16.485|
X<18>          |Z<28>          |   16.424|
X<18>          |Z<29>          |   17.428|
X<18>          |Z<30>          |   17.448|
X<18>          |Z<31>          |   18.459|
X<19>          |Z<0>           |   14.950|
X<19>          |Z<19>          |   12.802|
X<19>          |Z<20>          |   13.737|
X<19>          |Z<21>          |   15.604|
X<19>          |Z<22>          |   14.039|
X<19>          |Z<23>          |   15.293|
X<19>          |Z<24>          |   15.093|
X<19>          |Z<25>          |   16.380|
X<19>          |Z<26>          |   16.127|
X<19>          |Z<27>          |   16.569|
X<19>          |Z<28>          |   16.938|
X<19>          |Z<29>          |   18.244|
X<19>          |Z<30>          |   18.190|
X<19>          |Z<31>          |   19.275|
X<20>          |Z<0>           |   14.882|
X<20>          |Z<20>          |   12.282|
X<20>          |Z<21>          |   13.933|
X<20>          |Z<22>          |   12.974|
X<20>          |Z<23>          |   13.976|
X<20>          |Z<24>          |   14.128|
X<20>          |Z<25>          |   14.709|
X<20>          |Z<26>          |   14.456|
X<20>          |Z<27>          |   15.658|
X<20>          |Z<28>          |   15.597|
X<20>          |Z<29>          |   16.573|
X<20>          |Z<30>          |   16.621|
X<20>          |Z<31>          |   17.621|
X<21>          |Z<0>           |   14.324|
X<21>          |Z<21>          |   13.586|
X<21>          |Z<22>          |   12.673|
X<21>          |Z<23>          |   13.927|
X<21>          |Z<24>          |   13.727|
X<21>          |Z<25>          |   15.014|
X<21>          |Z<26>          |   14.761|
X<21>          |Z<27>          |   15.203|
X<21>          |Z<28>          |   15.572|
X<21>          |Z<29>          |   16.878|
X<21>          |Z<30>          |   16.824|
X<21>          |Z<31>          |   17.909|
X<22>          |Z<0>           |   14.638|
X<22>          |Z<22>          |   12.127|
X<22>          |Z<23>          |   13.732|
X<22>          |Z<24>          |   13.884|
X<22>          |Z<25>          |   14.295|
X<22>          |Z<26>          |   14.146|
X<22>          |Z<27>          |   15.414|
X<22>          |Z<28>          |   15.353|
X<22>          |Z<29>          |   16.159|
X<22>          |Z<30>          |   16.377|
X<22>          |Z<31>          |   17.377|
X<23>          |Z<0>           |   13.439|
X<23>          |Z<23>          |   13.020|
X<23>          |Z<24>          |   12.773|
X<23>          |Z<25>          |   14.060|
X<23>          |Z<26>          |   13.807|
X<23>          |Z<27>          |   14.249|
X<23>          |Z<28>          |   14.618|
X<23>          |Z<29>          |   15.924|
X<23>          |Z<30>          |   15.870|
X<23>          |Z<31>          |   16.955|
X<24>          |Z<0>           |   13.306|
X<24>          |Z<24>          |   11.951|
X<24>          |Z<25>          |   13.019|
X<24>          |Z<26>          |   12.814|
X<24>          |Z<27>          |   14.082|
X<24>          |Z<28>          |   14.021|
X<24>          |Z<29>          |   14.883|
X<24>          |Z<30>          |   15.045|
X<24>          |Z<31>          |   16.045|
X<25>          |Z<0>           |   12.524|
X<25>          |Z<25>          |   12.303|
X<25>          |Z<26>          |   12.574|
X<25>          |Z<27>          |   13.300|
X<25>          |Z<28>          |   13.385|
X<25>          |Z<29>          |   14.691|
X<25>          |Z<30>          |   14.637|
X<25>          |Z<31>          |   15.722|
X<26>          |Z<0>           |   12.901|
X<26>          |Z<26>          |   12.040|
X<26>          |Z<27>          |   13.677|
X<26>          |Z<28>          |   13.616|
X<26>          |Z<29>          |   14.476|
X<26>          |Z<30>          |   14.640|
X<26>          |Z<31>          |   15.640|
X<27>          |Z<0>           |   12.024|
X<27>          |Z<27>          |   12.293|
X<27>          |Z<28>          |   13.072|
X<27>          |Z<29>          |   14.378|
X<27>          |Z<30>          |   14.324|
X<27>          |Z<31>          |   15.409|
X<28>          |Z<0>           |   11.676|
X<28>          |Z<28>          |   12.136|
X<28>          |Z<29>          |   13.275|
X<28>          |Z<30>          |   13.415|
X<28>          |Z<31>          |   14.415|
X<29>          |Z<0>           |   11.193|
X<29>          |Z<29>          |   12.342|
X<29>          |Z<30>          |   13.219|
X<29>          |Z<31>          |   14.304|
X<30>          |Z<0>           |   10.796|
X<30>          |Z<30>          |   12.724|
X<30>          |Z<31>          |   13.809|
X<31>          |Z<0>           |   10.881|
X<31>          |Z<31>          |   12.601|
Y<0>           |Z<0>           |   21.206|
Y<0>           |Z<1>           |   10.705|
Y<0>           |Z<2>           |   11.785|
Y<0>           |Z<3>           |   12.069|
Y<0>           |Z<4>           |   13.352|
Y<0>           |Z<5>           |   13.956|
Y<0>           |Z<6>           |   13.745|
Y<0>           |Z<7>           |   14.524|
Y<0>           |Z<8>           |   14.565|
Y<0>           |Z<9>           |   15.732|
Y<0>           |Z<10>          |   15.792|
Y<0>           |Z<11>          |   16.880|
Y<0>           |Z<12>          |   17.164|
Y<0>           |Z<13>          |   16.902|
Y<0>           |Z<14>          |   17.443|
Y<0>           |Z<15>          |   18.387|
Y<0>           |Z<16>          |   17.849|
Y<0>           |Z<17>          |   19.667|
Y<0>           |Z<18>          |   19.928|
Y<0>           |Z<19>          |   19.919|
Y<0>           |Z<20>          |   20.138|
Y<0>           |Z<21>          |   22.005|
Y<0>           |Z<22>          |   20.440|
Y<0>           |Z<23>          |   21.694|
Y<0>           |Z<24>          |   21.494|
Y<0>           |Z<25>          |   22.781|
Y<0>           |Z<26>          |   22.528|
Y<0>           |Z<27>          |   22.970|
Y<0>           |Z<28>          |   23.339|
Y<0>           |Z<29>          |   24.645|
Y<0>           |Z<30>          |   24.591|
Y<0>           |Z<31>          |   25.676|
Y<1>           |Z<0>           |   21.169|
Y<1>           |Z<1>           |   10.778|
Y<1>           |Z<2>           |   11.580|
Y<1>           |Z<3>           |   11.866|
Y<1>           |Z<4>           |   13.147|
Y<1>           |Z<5>           |   13.751|
Y<1>           |Z<6>           |   13.540|
Y<1>           |Z<7>           |   14.319|
Y<1>           |Z<8>           |   14.360|
Y<1>           |Z<9>           |   15.527|
Y<1>           |Z<10>          |   15.587|
Y<1>           |Z<11>          |   16.675|
Y<1>           |Z<12>          |   16.959|
Y<1>           |Z<13>          |   16.697|
Y<1>           |Z<14>          |   17.238|
Y<1>           |Z<15>          |   18.182|
Y<1>           |Z<16>          |   17.644|
Y<1>           |Z<17>          |   19.462|
Y<1>           |Z<18>          |   19.723|
Y<1>           |Z<19>          |   19.714|
Y<1>           |Z<20>          |   19.933|
Y<1>           |Z<21>          |   21.800|
Y<1>           |Z<22>          |   20.235|
Y<1>           |Z<23>          |   21.489|
Y<1>           |Z<24>          |   21.289|
Y<1>           |Z<25>          |   22.576|
Y<1>           |Z<26>          |   22.323|
Y<1>           |Z<27>          |   22.765|
Y<1>           |Z<28>          |   23.134|
Y<1>           |Z<29>          |   24.440|
Y<1>           |Z<30>          |   24.386|
Y<1>           |Z<31>          |   25.471|
Y<2>           |Z<0>           |   21.408|
Y<2>           |Z<2>           |   10.264|
Y<2>           |Z<3>           |   11.883|
Y<2>           |Z<4>           |   11.939|
Y<2>           |Z<5>           |   12.314|
Y<2>           |Z<6>           |   12.805|
Y<2>           |Z<7>           |   13.890|
Y<2>           |Z<8>           |   13.593|
Y<2>           |Z<9>           |   14.450|
Y<2>           |Z<10>          |   14.976|
Y<2>           |Z<11>          |   15.710|
Y<2>           |Z<12>          |   15.873|
Y<2>           |Z<13>          |   15.331|
Y<2>           |Z<14>          |   16.456|
Y<2>           |Z<15>          |   17.201|
Y<2>           |Z<16>          |   17.180|
Y<2>           |Z<17>          |   18.159|
Y<2>           |Z<18>          |   18.609|
Y<2>           |Z<19>          |   19.536|
Y<2>           |Z<20>          |   19.548|
Y<2>           |Z<21>          |   20.391|
Y<2>           |Z<22>          |   19.500|
Y<2>           |Z<23>          |   20.502|
Y<2>           |Z<24>          |   20.654|
Y<2>           |Z<25>          |   21.139|
Y<2>           |Z<26>          |   20.916|
Y<2>           |Z<27>          |   22.184|
Y<2>           |Z<28>          |   22.123|
Y<2>           |Z<29>          |   23.003|
Y<2>           |Z<30>          |   23.147|
Y<2>           |Z<31>          |   24.147|
Y<3>           |Z<0>           |   20.914|
Y<3>           |Z<3>           |   11.637|
Y<3>           |Z<4>           |   11.445|
Y<3>           |Z<5>           |   11.963|
Y<3>           |Z<6>           |   12.311|
Y<3>           |Z<7>           |   13.396|
Y<3>           |Z<8>           |   13.099|
Y<3>           |Z<9>           |   13.956|
Y<3>           |Z<10>          |   14.482|
Y<3>           |Z<11>          |   15.216|
Y<3>           |Z<12>          |   15.379|
Y<3>           |Z<13>          |   14.909|
Y<3>           |Z<14>          |   15.962|
Y<3>           |Z<15>          |   16.707|
Y<3>           |Z<16>          |   16.686|
Y<3>           |Z<17>          |   17.674|
Y<3>           |Z<18>          |   18.115|
Y<3>           |Z<19>          |   19.042|
Y<3>           |Z<20>          |   19.054|
Y<3>           |Z<21>          |   20.012|
Y<3>           |Z<22>          |   19.006|
Y<3>           |Z<23>          |   20.008|
Y<3>           |Z<24>          |   20.160|
Y<3>           |Z<25>          |   20.788|
Y<3>           |Z<26>          |   20.535|
Y<3>           |Z<27>          |   21.690|
Y<3>           |Z<28>          |   21.629|
Y<3>           |Z<29>          |   22.652|
Y<3>           |Z<30>          |   22.653|
Y<3>           |Z<31>          |   23.683|
Y<4>           |Z<0>           |   20.828|
Y<4>           |Z<4>           |   10.491|
Y<4>           |Z<5>           |   11.451|
Y<4>           |Z<6>           |   12.225|
Y<4>           |Z<7>           |   13.310|
Y<4>           |Z<8>           |   13.013|
Y<4>           |Z<9>           |   13.870|
Y<4>           |Z<10>          |   14.396|
Y<4>           |Z<11>          |   15.130|
Y<4>           |Z<12>          |   15.293|
Y<4>           |Z<13>          |   14.751|
Y<4>           |Z<14>          |   15.876|
Y<4>           |Z<15>          |   16.621|
Y<4>           |Z<16>          |   16.600|
Y<4>           |Z<17>          |   17.579|
Y<4>           |Z<18>          |   18.029|
Y<4>           |Z<19>          |   18.956|
Y<4>           |Z<20>          |   18.968|
Y<4>           |Z<21>          |   19.811|
Y<4>           |Z<22>          |   18.920|
Y<4>           |Z<23>          |   19.922|
Y<4>           |Z<24>          |   20.074|
Y<4>           |Z<25>          |   20.276|
Y<4>           |Z<26>          |   20.336|
Y<4>           |Z<27>          |   21.604|
Y<4>           |Z<28>          |   21.543|
Y<4>           |Z<29>          |   22.140|
Y<4>           |Z<30>          |   22.567|
Y<4>           |Z<31>          |   23.567|
Y<5>           |Z<0>           |   19.687|
Y<5>           |Z<5>           |   10.725|
Y<5>           |Z<6>           |   11.152|
Y<5>           |Z<7>           |   12.169|
Y<5>           |Z<8>           |   11.972|
Y<5>           |Z<9>           |   13.139|
Y<5>           |Z<10>          |   13.255|
Y<5>           |Z<11>          |   14.287|
Y<5>           |Z<12>          |   14.571|
Y<5>           |Z<13>          |   14.309|
Y<5>           |Z<14>          |   14.850|
Y<5>           |Z<15>          |   15.794|
Y<5>           |Z<16>          |   15.459|
Y<5>           |Z<17>          |   17.074|
Y<5>           |Z<18>          |   17.335|
Y<5>           |Z<19>          |   17.815|
Y<5>           |Z<20>          |   17.827|
Y<5>           |Z<21>          |   19.412|
Y<5>           |Z<22>          |   17.847|
Y<5>           |Z<23>          |   19.101|
Y<5>           |Z<24>          |   18.933|
Y<5>           |Z<25>          |   20.188|
Y<5>           |Z<26>          |   19.935|
Y<5>           |Z<27>          |   20.463|
Y<5>           |Z<28>          |   20.746|
Y<5>           |Z<29>          |   22.052|
Y<5>           |Z<30>          |   21.998|
Y<5>           |Z<31>          |   23.083|
Y<6>           |Z<0>           |   20.027|
Y<6>           |Z<6>           |   10.658|
Y<6>           |Z<7>           |   12.509|
Y<6>           |Z<8>           |   12.450|
Y<6>           |Z<9>           |   13.617|
Y<6>           |Z<10>          |   13.677|
Y<6>           |Z<11>          |   14.765|
Y<6>           |Z<12>          |   15.049|
Y<6>           |Z<13>          |   14.787|
Y<6>           |Z<14>          |   15.328|
Y<6>           |Z<15>          |   16.272|
Y<6>           |Z<16>          |   15.799|
Y<6>           |Z<17>          |   17.552|
Y<6>           |Z<18>          |   17.813|
Y<6>           |Z<19>          |   18.155|
Y<6>           |Z<20>          |   18.167|
Y<6>           |Z<21>          |   19.890|
Y<6>           |Z<22>          |   18.325|
Y<6>           |Z<23>          |   19.579|
Y<6>           |Z<24>          |   19.379|
Y<6>           |Z<25>          |   20.666|
Y<6>           |Z<26>          |   20.413|
Y<6>           |Z<27>          |   20.855|
Y<6>           |Z<28>          |   21.224|
Y<6>           |Z<29>          |   22.530|
Y<6>           |Z<30>          |   22.476|
Y<6>           |Z<31>          |   23.561|
Y<7>           |Z<0>           |   18.657|
Y<7>           |Z<7>           |   11.114|
Y<7>           |Z<8>           |   11.677|
Y<7>           |Z<9>           |   12.844|
Y<7>           |Z<10>          |   12.904|
Y<7>           |Z<11>          |   13.992|
Y<7>           |Z<12>          |   14.276|
Y<7>           |Z<13>          |   14.014|
Y<7>           |Z<14>          |   14.555|
Y<7>           |Z<15>          |   15.499|
Y<7>           |Z<16>          |   14.961|
Y<7>           |Z<17>          |   16.779|
Y<7>           |Z<18>          |   17.040|
Y<7>           |Z<19>          |   17.031|
Y<7>           |Z<20>          |   17.250|
Y<7>           |Z<21>          |   19.117|
Y<7>           |Z<22>          |   17.552|
Y<7>           |Z<23>          |   18.806|
Y<7>           |Z<24>          |   18.606|
Y<7>           |Z<25>          |   19.893|
Y<7>           |Z<26>          |   19.640|
Y<7>           |Z<27>          |   20.082|
Y<7>           |Z<28>          |   20.451|
Y<7>           |Z<29>          |   21.757|
Y<7>           |Z<30>          |   21.703|
Y<7>           |Z<31>          |   22.788|
Y<8>           |Z<0>           |   19.089|
Y<8>           |Z<8>           |   11.025|
Y<8>           |Z<9>           |   12.571|
Y<8>           |Z<10>          |   12.657|
Y<8>           |Z<11>          |   13.719|
Y<8>           |Z<12>          |   14.003|
Y<8>           |Z<13>          |   13.741|
Y<8>           |Z<14>          |   14.282|
Y<8>           |Z<15>          |   15.226|
Y<8>           |Z<16>          |   14.861|
Y<8>           |Z<17>          |   16.506|
Y<8>           |Z<18>          |   16.767|
Y<8>           |Z<19>          |   17.217|
Y<8>           |Z<20>          |   17.229|
Y<8>           |Z<21>          |   18.844|
Y<8>           |Z<22>          |   17.279|
Y<8>           |Z<23>          |   18.533|
Y<8>           |Z<24>          |   18.335|
Y<8>           |Z<25>          |   19.620|
Y<8>           |Z<26>          |   19.367|
Y<8>           |Z<27>          |   19.865|
Y<8>           |Z<28>          |   20.178|
Y<8>           |Z<29>          |   21.484|
Y<8>           |Z<30>          |   21.430|
Y<8>           |Z<31>          |   22.515|
Y<9>           |Z<0>           |   18.205|
Y<9>           |Z<9>           |   11.385|
Y<9>           |Z<10>          |   12.127|
Y<9>           |Z<11>          |   13.215|
Y<9>           |Z<12>          |   13.499|
Y<9>           |Z<13>          |   13.237|
Y<9>           |Z<14>          |   13.778|
Y<9>           |Z<15>          |   14.722|
Y<9>           |Z<16>          |   14.184|
Y<9>           |Z<17>          |   16.002|
Y<9>           |Z<18>          |   16.263|
Y<9>           |Z<19>          |   16.333|
Y<9>           |Z<20>          |   16.473|
Y<9>           |Z<21>          |   18.340|
Y<9>           |Z<22>          |   16.775|
Y<9>           |Z<23>          |   18.029|
Y<9>           |Z<24>          |   17.829|
Y<9>           |Z<25>          |   19.116|
Y<9>           |Z<26>          |   18.863|
Y<9>           |Z<27>          |   19.305|
Y<9>           |Z<28>          |   19.674|
Y<9>           |Z<29>          |   20.980|
Y<9>           |Z<30>          |   20.926|
Y<9>           |Z<31>          |   22.011|
Y<10>          |Z<0>           |   18.455|
Y<10>          |Z<10>          |   11.133|
Y<10>          |Z<11>          |   12.783|
Y<10>          |Z<12>          |   13.067|
Y<10>          |Z<13>          |   12.805|
Y<10>          |Z<14>          |   13.503|
Y<10>          |Z<15>          |   14.290|
Y<10>          |Z<16>          |   14.227|
Y<10>          |Z<17>          |   15.570|
Y<10>          |Z<18>          |   15.831|
Y<10>          |Z<19>          |   16.583|
Y<10>          |Z<20>          |   16.595|
Y<10>          |Z<21>          |   17.908|
Y<10>          |Z<22>          |   16.547|
Y<10>          |Z<23>          |   17.597|
Y<10>          |Z<24>          |   17.701|
Y<10>          |Z<25>          |   18.684|
Y<10>          |Z<26>          |   18.431|
Y<10>          |Z<27>          |   19.231|
Y<10>          |Z<28>          |   19.242|
Y<10>          |Z<29>          |   20.548|
Y<10>          |Z<30>          |   20.494|
Y<10>          |Z<31>          |   21.579|
Y<11>          |Z<0>           |   17.179|
Y<11>          |Z<11>          |   11.395|
Y<11>          |Z<12>          |   12.510|
Y<11>          |Z<13>          |   12.248|
Y<11>          |Z<14>          |   12.789|
Y<11>          |Z<15>          |   13.733|
Y<11>          |Z<16>          |   13.195|
Y<11>          |Z<17>          |   15.013|
Y<11>          |Z<18>          |   15.274|
Y<11>          |Z<19>          |   15.307|
Y<11>          |Z<20>          |   15.484|
Y<11>          |Z<21>          |   17.351|
Y<11>          |Z<22>          |   15.786|
Y<11>          |Z<23>          |   17.040|
Y<11>          |Z<24>          |   16.840|
Y<11>          |Z<25>          |   18.127|
Y<11>          |Z<26>          |   17.874|
Y<11>          |Z<27>          |   18.316|
Y<11>          |Z<28>          |   18.685|
Y<11>          |Z<29>          |   19.991|
Y<11>          |Z<30>          |   19.937|
Y<11>          |Z<31>          |   21.022|
Y<12>          |Z<0>           |   17.563|
Y<12>          |Z<12>          |   11.594|
Y<12>          |Z<13>          |   11.943|
Y<12>          |Z<14>          |   12.611|
Y<12>          |Z<15>          |   13.428|
Y<12>          |Z<16>          |   13.335|
Y<12>          |Z<17>          |   14.708|
Y<12>          |Z<18>          |   14.969|
Y<12>          |Z<19>          |   15.691|
Y<12>          |Z<20>          |   15.703|
Y<12>          |Z<21>          |   17.046|
Y<12>          |Z<22>          |   15.655|
Y<12>          |Z<23>          |   16.735|
Y<12>          |Z<24>          |   16.809|
Y<12>          |Z<25>          |   17.822|
Y<12>          |Z<26>          |   17.569|
Y<12>          |Z<27>          |   18.339|
Y<12>          |Z<28>          |   18.380|
Y<12>          |Z<29>          |   19.686|
Y<12>          |Z<30>          |   19.632|
Y<12>          |Z<31>          |   20.717|
Y<13>          |Z<0>           |   16.881|
Y<13>          |Z<13>          |   10.935|
Y<13>          |Z<14>          |   12.308|
Y<13>          |Z<15>          |   13.252|
Y<13>          |Z<16>          |   12.714|
Y<13>          |Z<17>          |   14.532|
Y<13>          |Z<18>          |   14.793|
Y<13>          |Z<19>          |   15.009|
Y<13>          |Z<20>          |   15.021|
Y<13>          |Z<21>          |   16.870|
Y<13>          |Z<22>          |   15.305|
Y<13>          |Z<23>          |   16.559|
Y<13>          |Z<24>          |   16.359|
Y<13>          |Z<25>          |   17.646|
Y<13>          |Z<26>          |   17.393|
Y<13>          |Z<27>          |   17.835|
Y<13>          |Z<28>          |   18.204|
Y<13>          |Z<29>          |   19.510|
Y<13>          |Z<30>          |   19.456|
Y<13>          |Z<31>          |   20.541|
Y<14>          |Z<0>           |   17.458|
Y<14>          |Z<14>          |   11.681|
Y<14>          |Z<15>          |   13.251|
Y<14>          |Z<16>          |   13.230|
Y<14>          |Z<17>          |   14.209|
Y<14>          |Z<18>          |   14.659|
Y<14>          |Z<19>          |   15.586|
Y<14>          |Z<20>          |   15.598|
Y<14>          |Z<21>          |   16.481|
Y<14>          |Z<22>          |   15.550|
Y<14>          |Z<23>          |   16.552|
Y<14>          |Z<24>          |   16.704|
Y<14>          |Z<25>          |   17.257|
Y<14>          |Z<26>          |   17.004|
Y<14>          |Z<27>          |   18.234|
Y<14>          |Z<28>          |   18.173|
Y<14>          |Z<29>          |   19.121|
Y<14>          |Z<30>          |   19.197|
Y<14>          |Z<31>          |   20.197|
Y<15>          |Z<0>           |   16.277|
Y<15>          |Z<15>          |   12.404|
Y<15>          |Z<16>          |   12.478|
Y<15>          |Z<17>          |   14.296|
Y<15>          |Z<18>          |   14.557|
Y<15>          |Z<19>          |   14.548|
Y<15>          |Z<20>          |   14.767|
Y<15>          |Z<21>          |   16.634|
Y<15>          |Z<22>          |   15.069|
Y<15>          |Z<23>          |   16.323|
Y<15>          |Z<24>          |   16.123|
Y<15>          |Z<25>          |   17.410|
Y<15>          |Z<26>          |   17.157|
Y<15>          |Z<27>          |   17.599|
Y<15>          |Z<28>          |   17.968|
Y<15>          |Z<29>          |   19.274|
Y<15>          |Z<30>          |   19.220|
Y<15>          |Z<31>          |   20.305|
Y<16>          |Z<0>           |   16.575|
Y<16>          |Z<16>          |   12.006|
Y<16>          |Z<17>          |   13.326|
Y<16>          |Z<18>          |   13.776|
Y<16>          |Z<19>          |   14.703|
Y<16>          |Z<20>          |   14.715|
Y<16>          |Z<21>          |   15.570|
Y<16>          |Z<22>          |   14.667|
Y<16>          |Z<23>          |   15.669|
Y<16>          |Z<24>          |   15.821|
Y<16>          |Z<25>          |   16.346|
Y<16>          |Z<26>          |   16.093|
Y<16>          |Z<27>          |   17.351|
Y<16>          |Z<28>          |   17.290|
Y<16>          |Z<29>          |   18.210|
Y<16>          |Z<30>          |   18.314|
Y<16>          |Z<31>          |   19.314|
Y<17>          |Z<0>           |   15.917|
Y<17>          |Z<17>          |   12.731|
Y<17>          |Z<18>          |   13.118|
Y<17>          |Z<19>          |   14.045|
Y<17>          |Z<20>          |   14.057|
Y<17>          |Z<21>          |   15.140|
Y<17>          |Z<22>          |   14.009|
Y<17>          |Z<23>          |   15.011|
Y<17>          |Z<24>          |   15.163|
Y<17>          |Z<25>          |   15.916|
Y<17>          |Z<26>          |   15.663|
Y<17>          |Z<27>          |   16.693|
Y<17>          |Z<28>          |   16.632|
Y<17>          |Z<29>          |   17.780|
Y<17>          |Z<30>          |   17.726|
Y<17>          |Z<31>          |   18.811|
Y<18>          |Z<0>           |   15.769|
Y<18>          |Z<18>          |   12.562|
Y<18>          |Z<19>          |   13.897|
Y<18>          |Z<20>          |   13.909|
Y<18>          |Z<21>          |   14.752|
Y<18>          |Z<22>          |   13.861|
Y<18>          |Z<23>          |   14.863|
Y<18>          |Z<24>          |   15.015|
Y<18>          |Z<25>          |   15.459|
Y<18>          |Z<26>          |   15.277|
Y<18>          |Z<27>          |   16.545|
Y<18>          |Z<28>          |   16.484|
Y<18>          |Z<29>          |   17.323|
Y<18>          |Z<30>          |   17.508|
Y<18>          |Z<31>          |   18.508|
Y<19>          |Z<0>           |   14.224|
Y<19>          |Z<19>          |   12.078|
Y<19>          |Z<20>          |   12.783|
Y<19>          |Z<21>          |   14.650|
Y<19>          |Z<22>          |   13.085|
Y<19>          |Z<23>          |   14.339|
Y<19>          |Z<24>          |   14.139|
Y<19>          |Z<25>          |   15.426|
Y<19>          |Z<26>          |   15.173|
Y<19>          |Z<27>          |   15.615|
Y<19>          |Z<28>          |   15.984|
Y<19>          |Z<29>          |   17.290|
Y<19>          |Z<30>          |   17.236|
Y<19>          |Z<31>          |   18.321|
Y<20>          |Z<0>           |   14.677|
Y<20>          |Z<20>          |   12.181|
Y<20>          |Z<21>          |   13.778|
Y<20>          |Z<22>          |   12.769|
Y<20>          |Z<23>          |   13.771|
Y<20>          |Z<24>          |   13.923|
Y<20>          |Z<25>          |   14.554|
Y<20>          |Z<26>          |   14.301|
Y<20>          |Z<27>          |   15.453|
Y<20>          |Z<28>          |   15.392|
Y<20>          |Z<29>          |   16.418|
Y<20>          |Z<30>          |   16.416|
Y<20>          |Z<31>          |   17.449|
Y<21>          |Z<0>           |   14.023|
Y<21>          |Z<21>          |   12.913|
Y<21>          |Z<22>          |   12.115|
Y<21>          |Z<23>          |   13.284|
Y<21>          |Z<24>          |   13.269|
Y<21>          |Z<25>          |   14.371|
Y<21>          |Z<26>          |   14.118|
Y<21>          |Z<27>          |   14.799|
Y<21>          |Z<28>          |   14.929|
Y<21>          |Z<29>          |   16.235|
Y<21>          |Z<30>          |   16.181|
Y<21>          |Z<31>          |   17.266|
Y<22>          |Z<0>           |   14.113|
Y<22>          |Z<22>          |   11.696|
Y<22>          |Z<23>          |   13.207|
Y<22>          |Z<24>          |   13.359|
Y<22>          |Z<25>          |   13.886|
Y<22>          |Z<26>          |   13.633|
Y<22>          |Z<27>          |   14.889|
Y<22>          |Z<28>          |   14.828|
Y<22>          |Z<29>          |   15.750|
Y<22>          |Z<30>          |   15.852|
Y<22>          |Z<31>          |   16.852|
Y<23>          |Z<0>           |   13.218|
Y<23>          |Z<23>          |   12.544|
Y<23>          |Z<24>          |   12.464|
Y<23>          |Z<25>          |   13.621|
Y<23>          |Z<26>          |   13.368|
Y<23>          |Z<27>          |   13.994|
Y<23>          |Z<28>          |   14.179|
Y<23>          |Z<29>          |   15.485|
Y<23>          |Z<30>          |   15.431|
Y<23>          |Z<31>          |   16.516|
Y<24>          |Z<0>           |   13.115|
Y<24>          |Z<24>          |   11.578|
Y<24>          |Z<25>          |   12.758|
Y<24>          |Z<26>          |   12.623|
Y<24>          |Z<27>          |   13.891|
Y<24>          |Z<28>          |   13.830|
Y<24>          |Z<29>          |   14.622|
Y<24>          |Z<30>          |   14.854|
Y<24>          |Z<31>          |   15.854|
Y<25>          |Z<0>           |   12.351|
Y<25>          |Z<25>          |   11.991|
Y<25>          |Z<26>          |   12.462|
Y<25>          |Z<27>          |   13.127|
Y<25>          |Z<28>          |   13.273|
Y<25>          |Z<29>          |   14.579|
Y<25>          |Z<30>          |   14.525|
Y<25>          |Z<31>          |   15.610|
Y<26>          |Z<0>           |   12.576|
Y<26>          |Z<26>          |   11.582|
Y<26>          |Z<27>          |   13.352|
Y<26>          |Z<28>          |   13.291|
Y<26>          |Z<29>          |   13.983|
Y<26>          |Z<30>          |   14.315|
Y<26>          |Z<31>          |   15.315|
Y<27>          |Z<0>           |   11.086|
Y<27>          |Z<27>          |   11.841|
Y<27>          |Z<28>          |   12.517|
Y<27>          |Z<29>          |   13.823|
Y<27>          |Z<30>          |   13.769|
Y<27>          |Z<31>          |   14.854|
Y<28>          |Z<0>           |   11.053|
Y<28>          |Z<28>          |   11.672|
Y<28>          |Z<29>          |   12.692|
Y<28>          |Z<30>          |   12.792|
Y<28>          |Z<31>          |   13.792|
Y<29>          |Z<0>           |   10.695|
Y<29>          |Z<29>          |   11.760|
Y<29>          |Z<30>          |   12.774|
Y<29>          |Z<31>          |   13.859|
Y<30>          |Z<0>           |   10.759|
Y<30>          |Z<30>          |   12.388|
Y<30>          |Z<31>          |   13.498|
Y<31>          |Z<0>           |   10.695|
Y<31>          |Z<31>          |   12.696|
op_code<0>     |Z<0>           |   10.470|
op_code<0>     |Z<1>           |   12.527|
op_code<0>     |Z<2>           |   12.067|
op_code<0>     |Z<3>           |   13.445|
op_code<0>     |Z<4>           |   12.655|
op_code<0>     |Z<5>           |   13.160|
op_code<0>     |Z<6>           |   12.685|
op_code<0>     |Z<7>           |   13.143|
op_code<0>     |Z<8>           |   12.654|
op_code<0>     |Z<9>           |   13.363|
op_code<0>     |Z<10>          |   13.057|
op_code<0>     |Z<11>          |   13.496|
op_code<0>     |Z<12>          |   13.123|
op_code<0>     |Z<13>          |   12.478|
op_code<0>     |Z<14>          |   13.374|
op_code<0>     |Z<15>          |   13.465|
op_code<0>     |Z<16>          |   12.956|
op_code<0>     |Z<17>          |   13.309|
op_code<0>     |Z<18>          |   13.278|
op_code<0>     |Z<19>          |   12.996|
op_code<0>     |Z<20>          |   12.309|
op_code<0>     |Z<21>          |   12.930|
op_code<0>     |Z<22>          |   11.800|
op_code<0>     |Z<23>          |   12.514|
op_code<0>     |Z<24>          |   12.651|
op_code<0>     |Z<25>          |   12.729|
op_code<0>     |Z<26>          |   12.452|
op_code<0>     |Z<27>          |   12.802|
op_code<0>     |Z<28>          |   12.867|
op_code<0>     |Z<29>          |   12.748|
op_code<0>     |Z<30>          |   13.066|
op_code<0>     |Z<31>          |   13.263|
op_code<1>     |Z<0>           |   11.819|
op_code<1>     |Z<1>           |   15.591|
op_code<1>     |Z<2>           |   14.738|
op_code<1>     |Z<3>           |   15.062|
op_code<1>     |Z<4>           |   14.455|
op_code<1>     |Z<5>           |   14.516|
op_code<1>     |Z<6>           |   14.607|
op_code<1>     |Z<7>           |   15.012|
op_code<1>     |Z<8>           |   14.820|
op_code<1>     |Z<9>           |   15.391|
op_code<1>     |Z<10>          |   15.298|
op_code<1>     |Z<11>          |   15.431|
op_code<1>     |Z<12>          |   14.952|
op_code<1>     |Z<13>          |   14.349|
op_code<1>     |Z<14>          |   14.896|
op_code<1>     |Z<15>          |   15.072|
op_code<1>     |Z<16>          |   14.199|
op_code<1>     |Z<17>          |   14.920|
op_code<1>     |Z<18>          |   14.817|
op_code<1>     |Z<19>          |   14.046|
op_code<1>     |Z<20>          |   13.451|
op_code<1>     |Z<21>          |   14.119|
op_code<1>     |Z<22>          |   12.972|
op_code<1>     |Z<23>          |   13.346|
op_code<1>     |Z<24>          |   12.899|
op_code<1>     |Z<25>          |   12.952|
op_code<1>     |Z<26>          |   12.483|
op_code<1>     |Z<27>          |   12.520|
op_code<1>     |Z<28>          |   12.971|
op_code<1>     |Z<29>          |   13.315|
op_code<1>     |Z<30>          |   13.482|
op_code<1>     |Z<31>          |   13.801|
op_code<2>     |Z<0>           |   11.037|
op_code<2>     |Z<1>           |   15.188|
op_code<2>     |Z<2>           |   14.278|
op_code<2>     |Z<3>           |   15.832|
op_code<2>     |Z<4>           |   14.818|
op_code<2>     |Z<5>           |   15.180|
op_code<2>     |Z<6>           |   14.260|
op_code<2>     |Z<7>           |   14.794|
op_code<2>     |Z<8>           |   13.934|
op_code<2>     |Z<9>           |   15.425|
op_code<2>     |Z<10>          |   15.200|
op_code<2>     |Z<11>          |   14.806|
op_code<2>     |Z<12>          |   14.188|
op_code<2>     |Z<13>          |   13.519|
op_code<2>     |Z<14>          |   13.966|
op_code<2>     |Z<15>          |   14.439|
op_code<2>     |Z<16>          |   13.875|
op_code<2>     |Z<17>          |   13.879|
op_code<2>     |Z<18>          |   15.083|
op_code<2>     |Z<19>          |   13.677|
op_code<2>     |Z<20>          |   13.998|
op_code<2>     |Z<21>          |   14.791|
op_code<2>     |Z<22>          |   13.623|
op_code<2>     |Z<23>          |   12.591|
op_code<2>     |Z<24>          |   12.031|
op_code<2>     |Z<25>          |   11.532|
op_code<2>     |Z<26>          |   11.558|
op_code<2>     |Z<27>          |   11.807|
op_code<2>     |Z<28>          |   11.903|
op_code<2>     |Z<29>          |   12.246|
op_code<2>     |Z<30>          |   12.541|
op_code<2>     |Z<31>          |   13.022|
op_code<3>     |Z<0>           |   11.426|
op_code<3>     |Z<1>           |   16.144|
op_code<3>     |Z<2>           |   15.868|
op_code<3>     |Z<3>           |   16.221|
op_code<3>     |Z<4>           |   15.912|
op_code<3>     |Z<5>           |   15.897|
op_code<3>     |Z<6>           |   15.553|
op_code<3>     |Z<7>           |   16.156|
op_code<3>     |Z<8>           |   15.455|
op_code<3>     |Z<9>           |   16.298|
op_code<3>     |Z<10>          |   16.255|
op_code<3>     |Z<11>          |   16.017|
op_code<3>     |Z<12>          |   15.613|
op_code<3>     |Z<13>          |   15.329|
op_code<3>     |Z<14>          |   15.455|
op_code<3>     |Z<15>          |   15.943|
op_code<3>     |Z<16>          |   15.059|
op_code<3>     |Z<17>          |   15.389|
op_code<3>     |Z<18>          |   15.391|
op_code<3>     |Z<19>          |   14.645|
op_code<3>     |Z<20>          |   13.816|
op_code<3>     |Z<21>          |   14.171|
op_code<3>     |Z<22>          |   12.944|
op_code<3>     |Z<23>          |   13.599|
op_code<3>     |Z<24>          |   12.279|
op_code<3>     |Z<25>          |   12.877|
op_code<3>     |Z<26>          |   12.353|
op_code<3>     |Z<27>          |   13.036|
op_code<3>     |Z<28>          |   13.162|
op_code<3>     |Z<29>          |   13.511|
op_code<3>     |Z<30>          |   13.548|
op_code<3>     |Z<31>          |   14.098|
---------------+---------------+---------+


Analysis completed Wed Sep 20 22:29:20 2017 
--------------------------------------------------------------------------------

Trace Settings:
-------------------------
Trace Settings 

Peak Memory Usage: 186 MB



